[debug] [2026-06-03T05:49:27.737Z] ----------------------------------------------------------------------
[debug] [2026-06-03T05:49:27.744Z] Command:       C:\Program Files\nodejs\node.exe C:\Users\gsaur\AppData\Roaming\npm\node_modules\firebase-tools\lib\bin\firebase.js init
[debug] [2026-06-03T05:49:27.745Z] CLI Version:   15.19.0
[debug] [2026-06-03T05:49:27.745Z] Platform:      win32
[debug] [2026-06-03T05:49:27.746Z] Node Version:  v24.15.0
[debug] [2026-06-03T05:49:27.747Z] Time:          Wed Jun 03 2026 11:19:27 GMT+0530 (India Standard Time)
[debug] [2026-06-03T05:49:27.747Z] ----------------------------------------------------------------------
[debug] 
[info] 
     ######## #### ########  ######## ########     ###     ######  ########
     ##        ##  ##     ## ##       ##     ##  ##   ##  ##       ##
     ######    ##  ########  ######   ########  #########  ######  ######
     ##        ##  ##    ##  ##       ##     ## ##     ##       ## ##
     ##       #### ##     ## ######## ########  ##     ##  ######  ########

You're about to initialize a Firebase project in this directory:

  D:\GitHub\cndlPsych

Before we get started, keep in mind:

  * You are initializing within an existing Firebase project directory

[info] 
=== Project Setup
[info] 
[info] First, let's associate this project directory with a Firebase project.
[info] You can create multiple project aliases by running firebase use --add, 
[info] 
[debug] [2026-06-03T05:50:50.724Z] > command requires scopes: ["email","openid","https://www.googleapis.com/auth/cloudplatformprojects.readonly","https://www.googleapis.com/auth/firebase","https://www.googleapis.com/auth/cloud-platform"]
[debug] [2026-06-03T05:50:50.725Z] > authorizing via signed-in user (gsaurabhr@gmail.com)
[debug] [2026-06-03T05:50:50.729Z] Checked if tokens are valid: true, expires at: 1780469332238
[debug] [2026-06-03T05:50:50.730Z] Checked if tokens are valid: true, expires at: 1780469332238
[debug] [2026-06-03T05:50:50.734Z] >>> [apiv2][query] GET https://firebase.googleapis.com/v1beta1/projects pageSize=100
[debug] [2026-06-03T05:50:51.738Z] <<< [apiv2][status] GET https://firebase.googleapis.com/v1beta1/projects 200
[debug] [2026-06-03T05:50:51.739Z] <<< [apiv2][body] GET https://firebase.googleapis.com/v1beta1/projects [omitted]
[info] 
=== Firestore Setup
[info] i  firestore: ensuring required API firestore.googleapis.com is enabled... 
[debug] [2026-06-03T05:50:54.460Z] Checked if tokens are valid: true, expires at: 1780469332238
[debug] [2026-06-03T05:50:54.461Z] Checked if tokens are valid: true, expires at: 1780469332238
[debug] [2026-06-03T05:50:54.461Z] >>> [apiv2][query] GET https://serviceusage.googleapis.com/v1/projects/cndlpsych/services/firestore.googleapis.com [none]
[debug] [2026-06-03T05:50:54.461Z] >>> [apiv2][(partial)header] GET https://serviceusage.googleapis.com/v1/projects/cndlpsych/services/firestore.googleapis.com  x-goog-user-project=cndlpsych
[debug] [2026-06-03T05:50:56.491Z] <<< [apiv2][status] GET https://serviceusage.googleapis.com/v1/projects/cndlpsych/services/firestore.googleapis.com 200
[debug] [2026-06-03T05:50:56.491Z] <<< [apiv2][body] GET https://serviceusage.googleapis.com/v1/projects/cndlpsych/services/firestore.googleapis.com [omitted]
[info] +  firestore: required API firestore.googleapis.com is enabled 
[debug] [2026-06-03T05:50:56.506Z] Checked if tokens are valid: true, expires at: 1780469332238
[debug] [2026-06-03T05:50:56.507Z] Checked if tokens are valid: true, expires at: 1780469332238
[debug] [2026-06-03T05:50:56.507Z] >>> [apiv2][query] GET https://firestore.googleapis.com/v1/projects/cndlpsych/databases [none]
[debug] [2026-06-03T05:50:57.466Z] <<< [apiv2][status] GET https://firestore.googleapis.com/v1/projects/cndlpsych/databases 200
[debug] [2026-06-03T05:50:57.467Z] <<< [apiv2][body] GET https://firestore.googleapis.com/v1/projects/cndlpsych/databases {"databases":[{"name":"projects/cndlpsych/databases/(default)","uid":"41981325-832a-4d98-b65d-8846e83bcf4e","createTime":"2026-06-03T05:44:16.624582Z","updateTime":"2026-06-03T05:44:16.624582Z","locationId":"nam5","type":"FIRESTORE_NATIVE","concurrencyMode":"PESSIMISTIC","versionRetentionPeriod":"3600s","earliestVersionTime":"2026-06-03T05:44:16.624582Z","appEngineIntegrationMode":"DISABLED","keyPrefix":"s","pointInTimeRecoveryEnablement":"POINT_IN_TIME_RECOVERY_DISABLED","deleteProtectionState":"DELETE_PROTECTION_DISABLED","databaseEdition":"STANDARD","freeTier":true,"realtimeUpdatesMode":"REALTIME_UPDATES_MODE_ENABLED","etag":"IMLKlJWw6pQDMKzJqNuu6pQD"}]}
[info] 
[info] Firestore Security Rules allow you to define how and when to allow
[info] requests. You can keep these rules in your project directory
[info] and publish them with firebase deploy.
[info] 
[debug] [2026-06-03T05:51:01.766Z] Checked if tokens are valid: true, expires at: 1780469332238
[debug] [2026-06-03T05:51:01.767Z] Checked if tokens are valid: true, expires at: 1780469332238
[debug] [2026-06-03T05:51:01.767Z] >>> [apiv2][query] GET https://firebaserules.googleapis.com/v1/projects/cndlpsych/releases pageSize=10&pageToken=
[debug] [2026-06-03T05:51:03.363Z] <<< [apiv2][status] GET https://firebaserules.googleapis.com/v1/projects/cndlpsych/releases 200
[debug] [2026-06-03T05:51:03.364Z] <<< [apiv2][body] GET https://firebaserules.googleapis.com/v1/projects/cndlpsych/releases {"releases":[{"name":"projects/cndlpsych/releases/cloud.firestore","rulesetName":"projects/cndlpsych/rulesets/6f4d215a-26f7-472a-90a6-3b9329cc76c4","createTime":"2026-06-03T05:44:22.137704Z","updateTime":"2026-06-03T05:44:22.137704Z"}]}
[debug] [2026-06-03T05:51:03.365Z] Checked if tokens are valid: true, expires at: 1780469332238
[debug] [2026-06-03T05:51:03.365Z] Checked if tokens are valid: true, expires at: 1780469332238
[debug] [2026-06-03T05:51:03.365Z] >>> [apiv2][query] GET https://firebaserules.googleapis.com/v1/projects/cndlpsych/rulesets/6f4d215a-26f7-472a-90a6-3b9329cc76c4 [none]
[debug] [2026-06-03T05:51:03.811Z] <<< [apiv2][status] GET https://firebaserules.googleapis.com/v1/projects/cndlpsych/rulesets/6f4d215a-26f7-472a-90a6-3b9329cc76c4 200
[debug] [2026-06-03T05:51:03.811Z] <<< [apiv2][body] GET https://firebaserules.googleapis.com/v1/projects/cndlpsych/rulesets/6f4d215a-26f7-472a-90a6-3b9329cc76c4 [omitted]
[info] i  Downloaded the existing Firestore Security Rules from the Firebase console 
[info] 
[info] Firestore indexes allow you to perform complex queries while
[info] maintaining performance that scales with the size of the result
[info] set. You can keep index definitions in your project directory
[info] and publish them with firebase deploy.
[info] 
[debug] [2026-06-03T05:51:06.782Z] Checked if tokens are valid: true, expires at: 1780469332238
[debug] [2026-06-03T05:51:06.782Z] Checked if tokens are valid: true, expires at: 1780469332238
[debug] [2026-06-03T05:51:06.783Z] Checked if tokens are valid: true, expires at: 1780469332238
[debug] [2026-06-03T05:51:06.783Z] Checked if tokens are valid: true, expires at: 1780469332238
[debug] [2026-06-03T05:51:06.783Z] >>> [apiv2][query] GET https://firestore.googleapis.com/v1/projects/cndlpsych/databases/(default)/collectionGroups/-/indexes [none]
[debug] [2026-06-03T05:51:06.787Z] >>> [apiv2][query] GET https://firestore.googleapis.com/v1/projects/cndlpsych/databases/(default)/collectionGroups/-/fields?filter=indexConfig.usesAncestorConfig=false OR ttlConfig:* [none]
[debug] [2026-06-03T05:51:08.627Z] <<< [apiv2][status] GET https://firestore.googleapis.com/v1/projects/cndlpsych/databases/(default)/collectionGroups/-/indexes 200
[debug] [2026-06-03T05:51:08.628Z] <<< [apiv2][body] GET https://firestore.googleapis.com/v1/projects/cndlpsych/databases/(default)/collectionGroups/-/indexes {}
[debug] [2026-06-03T05:51:08.958Z] <<< [apiv2][status] GET https://firestore.googleapis.com/v1/projects/cndlpsych/databases/(default)/collectionGroups/-/fields?filter=indexConfig.usesAncestorConfig=false OR ttlConfig:* 200
[debug] [2026-06-03T05:51:08.959Z] <<< [apiv2][body] GET https://firestore.googleapis.com/v1/projects/cndlpsych/databases/(default)/collectionGroups/-/fields?filter=indexConfig.usesAncestorConfig=false OR ttlConfig:* {"fields":[{"name":"projects/cndlpsych/databases/(default)/collectionGroups/__default__/fields/*","indexConfig":{"indexes":[{"queryScope":"COLLECTION","fields":[{"fieldPath":"*","order":"ASCENDING"}],"state":"READY"},{"queryScope":"COLLECTION","fields":[{"fieldPath":"*","order":"DESCENDING"}],"state":"READY"},{"queryScope":"COLLECTION","fields":[{"fieldPath":"*","arrayConfig":"CONTAINS"}],"state":"READY"}]}}]}
[info] i  Downloaded the existing Firestore indexes from the Firebase console 
[info] +  Wrote firestore.rules 
[info] +  Wrote firestore.indexes.json 
[info] 
=== Hosting Setup
[debug] [2026-06-03T05:51:08.990Z] Checked if tokens are valid: true, expires at: 1780469332238
[debug] [2026-06-03T05:51:08.991Z] Checked if tokens are valid: true, expires at: 1780469332238
[debug] [2026-06-03T05:51:08.991Z] >>> [apiv2][query] GET https://firebase.googleapis.com/v1beta1/projects/cndlpsych [none]
[debug] [2026-06-03T05:51:10.226Z] <<< [apiv2][status] GET https://firebase.googleapis.com/v1beta1/projects/cndlpsych 200
[debug] [2026-06-03T05:51:10.226Z] <<< [apiv2][body] GET https://firebase.googleapis.com/v1beta1/projects/cndlpsych {"projectId":"cndlpsych","projectNumber":"188551779011","displayName":"cndlPsych","name":"projects/cndlpsych","resources":{"hostingSite":"cndlpsych"},"state":"ACTIVE","etag":"1_d99fd2a5-8419-4172-a434-479b38f47431"}
[info] 
[info] Your public directory is the folder (relative to your project directory) that
[info] will contain Hosting assets to be uploaded with firebase deploy. If you
[info] have a build process for your assets, use your build's output directory.
[info] 
[info] 
[info] i  Didn't detect a .git folder. Assuming D:\GitHub\cndlPsych is the project root. 
[info] i  Authorizing with GitHub to upload your service account to a GitHub repository's secrets store. 
[info] 
[info] Visit this URL on this device to log in:
[info] https://github.com/login/oauth/authorize?client_id=89cf50f02ac6aaed3484&state=903116257&redirect_uri=http%3A%2F%2Flocalhost%3A9005&scope=read%3Auser%20repo%20public_repo
[info] 
[info] Waiting for authentication...
[debug] [2026-06-03T05:52:31.130Z] >>> [apiv2][query] POST https://github.com/login/oauth/access_token [none]
[debug] [2026-06-03T05:52:31.130Z] >>> [apiv2][body] POST https://github.com/login/oauth/access_token [stream]
[debug] [2026-06-03T05:52:31.477Z] <<< [apiv2][status] POST https://github.com/login/oauth/access_token 200
[debug] [2026-06-03T05:52:31.477Z] <<< [apiv2][body] POST https://github.com/login/oauth/access_token {"access_token":"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","token_type":"bearer","scope":"read:user,repo"}
[debug] [2026-06-03T05:52:31.487Z] >>> [apiv2][query] GET https://api.github.com/user [none]
[debug] [2026-06-03T05:52:31.976Z] <<< [apiv2][status] GET https://api.github.com/user 200
[debug] [2026-06-03T05:52:31.977Z] <<< [apiv2][body] GET https://api.github.com/user {"login":"gsaurabhr","id":6485773,"node_id":"MDQ6VXNlcjY0ODU3NzM=","avatar_url":"https://avatars.githubusercontent.com/u/6485773?v=4","gravatar_id":"","url":"https://api.github.com/users/gsaurabhr","html_url":"https://github.com/gsaurabhr","followers_url":"https://api.github.com/users/gsaurabhr/followers","following_url":"https://api.github.com/users/gsaurabhr/following{/other_user}","gists_url":"https://api.github.com/users/gsaurabhr/gists{/gist_id}","starred_url":"https://api.github.com/users/gsaurabhr/starred{/owner}{/repo}","subscriptions_url":"https://api.github.com/users/gsaurabhr/subscriptions","organizations_url":"https://api.github.com/users/gsaurabhr/orgs","repos_url":"https://api.github.com/users/gsaurabhr/repos","events_url":"https://api.github.com/users/gsaurabhr/events{/privacy}","received_events_url":"https://api.github.com/users/gsaurabhr/received_events","type":"User","user_view_type":"private","site_admin":false,"name":"Saurabh Gandhi","company":"IIT Jodhpur","blog":"https://csndl-iitd.github.io/cndl-website/","location":"Jodhpur, India","email":"gsaurabhr@gmail.com","hireable":null,"bio":null,"twitter_username":null,"notification_email":"gsaurabhr@gmail.com","public_repos":4,"public_gists":0,"followers":18,"following":0,"created_at":"2014-01-23T21:07:26Z","updated_at":"2026-06-02T10:25:10Z","private_gists":0,"total_private_repos":2,"owned_private_repos":2,"disk_usage":797,"collaborators":0,"two_factor_authentication":true,"plan":{"name":"pro","space":976562499,"collaborators":0,"private_repos":9999}}
[info] 
[info] +  Success! Logged into GitHub as gsaurabhr 
[info] 
[debug] [2026-06-03T05:53:08.480Z] >>> [apiv2][query] GET https://api.github.com/repos//actions/secrets/public-key type=owner
[debug] [2026-06-03T05:53:08.840Z] <<< [apiv2][status] GET https://api.github.com/repos//actions/secrets/public-key 404
[debug] [2026-06-03T05:53:08.840Z] <<< [apiv2][body] GET https://api.github.com/repos//actions/secrets/public-key {"message":"Not Found","documentation_url":"https://docs.github.com/rest","status":"404"}
[info] 
[info] 
[error] !  The provided authorization cannot be used with this repository. If this repository is in an organization, did you remember to grant access? 
[info] 
[info] i  Action required: Visit this URL to ensure access has been granted to the appropriate organization(s) for the Firebase CLI GitHub OAuth App: 
[info] https://github.com/settings/connections/applications/89cf50f02ac6aaed3484
[info] 
[debug] [2026-06-03T05:53:10.696Z] >>> [apiv2][query] GET https://api.github.com/repos//actions/secrets/public-key type=owner
[debug] [2026-06-03T05:53:10.954Z] <<< [apiv2][status] GET https://api.github.com/repos//actions/secrets/public-key 404
[debug] [2026-06-03T05:53:10.954Z] <<< [apiv2][body] GET https://api.github.com/repos//actions/secrets/public-key {"message":"Not Found","documentation_url":"https://docs.github.com/rest","status":"404"}
[info] 
[info] 
[error] !  The provided authorization cannot be used with this repository. If this repository is in an organization, did you remember to grant access? 
[info] 
[info] i  Action required: Visit this URL to ensure access has been granted to the appropriate organization(s) for the Firebase CLI GitHub OAuth App: 
[info] https://github.com/settings/connections/applications/89cf50f02ac6aaed3484
[info] 
[debug] [2026-06-03T06:18:50.279Z] ----------------------------------------------------------------------
[debug] [2026-06-03T06:18:50.281Z] Command:       C:\Program Files\nodejs\node.exe C:\Users\gsaur\AppData\Roaming\npm\node_modules\firebase-tools\lib\bin\firebase.js serve
[debug] [2026-06-03T06:18:50.281Z] CLI Version:   15.19.0
[debug] [2026-06-03T06:18:50.281Z] Platform:      win32
[debug] [2026-06-03T06:18:50.282Z] Node Version:  v24.15.0
[debug] [2026-06-03T06:18:50.282Z] Time:          Wed Jun 03 2026 11:48:50 GMT+0530 (India Standard Time)
[debug] [2026-06-03T06:18:50.282Z] ----------------------------------------------------------------------
[debug] 
[debug] [2026-06-03T06:18:51.656Z] > command requires scopes: ["email","openid","https://www.googleapis.com/auth/cloudplatformprojects.readonly","https://www.googleapis.com/auth/firebase","https://www.googleapis.com/auth/cloud-platform"]
[debug] [2026-06-03T06:18:51.656Z] > authorizing via signed-in user (gsaurabhr@gmail.com)
[debug] [2026-06-03T06:18:51.656Z] [iam] checking project cndlpsych for permissions ["firebase.projects.get"]
[debug] [2026-06-03T06:18:51.657Z] Checked if tokens are valid: true, expires at: 1780469332238
[debug] [2026-06-03T06:18:51.657Z] Checked if tokens are valid: true, expires at: 1780469332238
[debug] [2026-06-03T06:18:51.658Z] >>> [apiv2][query] POST https://cloudresourcemanager.googleapis.com/v1/projects/cndlpsych:testIamPermissions [none]
[debug] [2026-06-03T06:18:51.658Z] >>> [apiv2][(partial)header] POST https://cloudresourcemanager.googleapis.com/v1/projects/cndlpsych:testIamPermissions  x-goog-user-project=cndlpsych
[debug] [2026-06-03T06:18:51.658Z] >>> [apiv2][body] POST https://cloudresourcemanager.googleapis.com/v1/projects/cndlpsych:testIamPermissions {"permissions":["firebase.projects.get"]}
[debug] [2026-06-03T06:18:53.085Z] <<< [apiv2][status] POST https://cloudresourcemanager.googleapis.com/v1/projects/cndlpsych:testIamPermissions 200
[debug] [2026-06-03T06:18:53.086Z] <<< [apiv2][body] POST https://cloudresourcemanager.googleapis.com/v1/projects/cndlpsych:testIamPermissions {"permissions":["firebase.projects.get"]}
[debug] [2026-06-03T06:18:53.087Z] Checked if tokens are valid: true, expires at: 1780469332238
[debug] [2026-06-03T06:18:53.088Z] Checked if tokens are valid: true, expires at: 1780469332238
[debug] [2026-06-03T06:18:53.088Z] >>> [apiv2][query] GET https://serviceusage.googleapis.com/v1/projects/cndlpsych/services/cloudresourcemanager.googleapis.com [none]
[debug] [2026-06-03T06:18:53.088Z] >>> [apiv2][(partial)header] GET https://serviceusage.googleapis.com/v1/projects/cndlpsych/services/cloudresourcemanager.googleapis.com  x-goog-user-project=cndlpsych
[debug] [2026-06-03T06:18:54.949Z] <<< [apiv2][status] GET https://serviceusage.googleapis.com/v1/projects/cndlpsych/services/cloudresourcemanager.googleapis.com 200
[debug] [2026-06-03T06:18:54.949Z] <<< [apiv2][body] GET https://serviceusage.googleapis.com/v1/projects/cndlpsych/services/cloudresourcemanager.googleapis.com [omitted]
[debug] [2026-06-03T06:18:54.955Z] Checked if tokens are valid: true, expires at: 1780469332238
[debug] [2026-06-03T06:18:54.955Z] Checked if tokens are valid: true, expires at: 1780469332238
[debug] [2026-06-03T06:18:54.956Z] >>> [apiv2][query] GET https://cloudresourcemanager.googleapis.com/v1/projects/cndlpsych [none]
[debug] [2026-06-03T06:18:55.270Z] <<< [apiv2][status] GET https://cloudresourcemanager.googleapis.com/v1/projects/cndlpsych 200
[debug] [2026-06-03T06:18:55.271Z] <<< [apiv2][body] GET https://cloudresourcemanager.googleapis.com/v1/projects/cndlpsych {"projectNumber":"188551779011","projectId":"cndlpsych","lifecycleState":"ACTIVE","name":"cndlPsych","labels":{"firebase":"enabled","firebase-core":"disabled"},"createTime":"2026-06-03T04:18:25.361Z"}
[info] 
[info] === Serving from 'D:\GitHub\cndlPsych'...
[info] 
[debug] [2026-06-03T06:18:55.277Z] Checked if tokens are valid: true, expires at: 1780469332238
[debug] [2026-06-03T06:18:55.277Z] Checked if tokens are valid: true, expires at: 1780469332238
[debug] [2026-06-03T06:18:55.277Z] >>> [apiv2][query] GET https://firebasehosting.googleapis.com/v1beta1/projects/cndlpsych/sites 
[debug] [2026-06-03T06:18:56.608Z] <<< [apiv2][status] GET https://firebasehosting.googleapis.com/v1beta1/projects/cndlpsych/sites 200
[debug] [2026-06-03T06:18:56.609Z] <<< [apiv2][body] GET https://firebasehosting.googleapis.com/v1beta1/projects/cndlpsych/sites {"sites":[{"name":"projects/cndlpsych/sites/cndlpsych","defaultUrl":"https://cndlpsych.web.app","appId":"1:188551779011:web:57d708b92b83508adfc876","type":"DEFAULT_SITE"}]}
[debug] [2026-06-03T06:18:56.609Z] Checked if tokens are valid: true, expires at: 1780469332238
[debug] [2026-06-03T06:18:56.609Z] Checked if tokens are valid: true, expires at: 1780469332238
[debug] [2026-06-03T06:18:56.609Z] >>> [apiv2][query] GET https://firebase.googleapis.com/v1beta1/projects/cndlpsych/webApps/1:188551779011:web:57d708b92b83508adfc876/config [none]
[debug] [2026-06-03T06:18:57.608Z] <<< [apiv2][status] GET https://firebase.googleapis.com/v1beta1/projects/cndlpsych/webApps/1:188551779011:web:57d708b92b83508adfc876/config 200
[debug] [2026-06-03T06:18:57.608Z] <<< [apiv2][body] GET https://firebase.googleapis.com/v1beta1/projects/cndlpsych/webApps/1:188551779011:web:57d708b92b83508adfc876/config {"projectId":"cndlpsych","appId":"1:188551779011:web:57d708b92b83508adfc876","storageBucket":"cndlpsych.firebasestorage.app","apiKey":"AIzaSyA0g66lYtfkJ9bnD9P-4BQ84dMMpaRYj6k","authDomain":"cndlpsych.firebaseapp.com","messagingSenderId":"188551779011","measurementId":"G-KSEK5K6E1P","projectNumber":"188551779011","version":"2"}
[debug] [2026-06-03T06:18:57.680Z] Checked if tokens are valid: true, expires at: 1780469332238
[debug] [2026-06-03T06:18:57.680Z] Checked if tokens are valid: true, expires at: 1780469332238
[debug] [2026-06-03T06:18:57.680Z] >>> [apiv2][query] GET https://firebase.googleapis.com/v1beta1/projects/cndlpsych [none]
[debug] [2026-06-03T06:18:58.052Z] <<< [apiv2][status] GET https://firebase.googleapis.com/v1beta1/projects/cndlpsych 200
[debug] [2026-06-03T06:18:58.052Z] <<< [apiv2][body] GET https://firebase.googleapis.com/v1beta1/projects/cndlpsych {"projectId":"cndlpsych","projectNumber":"188551779011","displayName":"cndlPsych","name":"projects/cndlpsych","resources":{"hostingSite":"cndlpsych"},"state":"ACTIVE","etag":"1_d99fd2a5-8419-4172-a434-479b38f47431"}
[info] +  hosting[cndlpsych]: Local server: http://localhost:5000 {"metadata":{"emulator":{"name":"hosting"},"message":"Local server: \u001b[4m\u001b[1mhttp://localhost:5000\u001b[22m\u001b[24m"}}
[info] i  hosting: ::1 - - [03/Jun/2026:06:19:21 +0000] "GET / HTTP/1.1" 200 - "-" "Mozilla/5.0 (Windows NT 10.0; Win64; x64) AppleWebKit/537.36 (KHTML, like Gecko) Chrome/148.0.0.0 Safari/537.36" {"metadata":{"emulator":{"name":"hosting"},"message":"::1 - - [03/Jun/2026:06:19:21 +0000] \"GET / HTTP/1.1\" 200 - \"-\" \"Mozilla/5.0 (Windows NT 10.0; Win64; x64) AppleWebKit/537.36 (KHTML, like Gecko) Chrome/148.0.0.0 Safari/537.36\""}}
[info] i  hosting: ::1 - - [03/Jun/2026:06:19:21 +0000] "GET /styles/main.css HTTP/1.1" 200 - "http://localhost:5000/" "Mozilla/5.0 (Windows NT 10.0; Win64; x64) AppleWebKit/537.36 (KHTML, like Gecko) Chrome/148.0.0.0 Safari/537.36" {"metadata":{"emulator":{"name":"hosting"},"message":"::1 - - [03/Jun/2026:06:19:21 +0000] \"GET /styles/main.css HTTP/1.1\" 200 - \"http://localhost:5000/\" \"Mozilla/5.0 (Windows NT 10.0; Win64; x64) AppleWebKit/537.36 (KHTML, like Gecko) Chrome/148.0.0.0 Safari/537.36\""}}
[info] i  hosting: ::1 - - [03/Jun/2026:06:19:21 +0000] "GET /src/main.js HTTP/1.1" 200 - "http://localhost:5000/" "Mozilla/5.0 (Windows NT 10.0; Win64; x64) AppleWebKit/537.36 (KHTML, like Gecko) Chrome/148.0.0.0 Safari/537.36" {"metadata":{"emulator":{"name":"hosting"},"message":"::1 - - [03/Jun/2026:06:19:21 +0000] \"GET /src/main.js HTTP/1.1\" 200 - \"http://localhost:5000/\" \"Mozilla/5.0 (Windows NT 10.0; Win64; x64) AppleWebKit/537.36 (KHTML, like Gecko) Chrome/148.0.0.0 Safari/537.36\""}}
[info] i  hosting: ::1 - - [03/Jun/2026:06:19:21 +0000] "GET /src/firebase.js HTTP/1.1" 200 954 "http://localhost:5000/src/main.js" "Mozilla/5.0 (Windows NT 10.0; Win64; x64) AppleWebKit/537.36 (KHTML, like Gecko) Chrome/148.0.0.0 Safari/537.36" {"metadata":{"emulator":{"name":"hosting"},"message":"::1 - - [03/Jun/2026:06:19:21 +0000] \"GET /src/firebase.js HTTP/1.1\" 200 954 \"http://localhost:5000/src/main.js\" \"Mozilla/5.0 (Windows NT 10.0; Win64; x64) AppleWebKit/537.36 (KHTML, like Gecko) Chrome/148.0.0.0 Safari/537.36\""}}
[info] i  hosting: ::1 - - [03/Jun/2026:06:19:21 +0000] "GET /src/triggers.js HTTP/1.1" 200 - "http://localhost:5000/src/main.js" "Mozilla/5.0 (Windows NT 10.0; Win64; x64) AppleWebKit/537.36 (KHTML, like Gecko) Chrome/148.0.0.0 Safari/537.36" {"metadata":{"emulator":{"name":"hosting"},"message":"::1 - - [03/Jun/2026:06:19:21 +0000] \"GET /src/triggers.js HTTP/1.1\" 200 - \"http://localhost:5000/src/main.js\" \"Mozilla/5.0 (Windows NT 10.0; Win64; x64) AppleWebKit/537.36 (KHTML, like Gecko) Chrome/148.0.0.0 Safari/537.36\""}}
[info] i  hosting: ::1 - - [03/Jun/2026:06:19:21 +0000] "GET /src/experiment.js HTTP/1.1" 200 - "http://localhost:5000/src/main.js" "Mozilla/5.0 (Windows NT 10.0; Win64; x64) AppleWebKit/537.36 (KHTML, like Gecko) Chrome/148.0.0.0 Safari/537.36" {"metadata":{"emulator":{"name":"hosting"},"message":"::1 - - [03/Jun/2026:06:19:21 +0000] \"GET /src/experiment.js HTTP/1.1\" 200 - \"http://localhost:5000/src/main.js\" \"Mozilla/5.0 (Windows NT 10.0; Win64; x64) AppleWebKit/537.36 (KHTML, like Gecko) Chrome/148.0.0.0 Safari/537.36\""}}
[info] i  hosting: ::1 - - [03/Jun/2026:06:19:21 +0000] "GET /src/media.js HTTP/1.1" 200 - "http://localhost:5000/src/main.js" "Mozilla/5.0 (Windows NT 10.0; Win64; x64) AppleWebKit/537.36 (KHTML, like Gecko) Chrome/148.0.0.0 Safari/537.36" {"metadata":{"emulator":{"name":"hosting"},"message":"::1 - - [03/Jun/2026:06:19:21 +0000] \"GET /src/media.js HTTP/1.1\" 200 - \"http://localhost:5000/src/main.js\" \"Mozilla/5.0 (Windows NT 10.0; Win64; x64) AppleWebKit/537.36 (KHTML, like Gecko) Chrome/148.0.0.0 Safari/537.36\""}}
[info] i  hosting: ::1 - - [03/Jun/2026:06:19:22 +0000] "GET /src/forms.js HTTP/1.1" 200 789 "http://localhost:5000/src/experiment.js" "Mozilla/5.0 (Windows NT 10.0; Win64; x64) AppleWebKit/537.36 (KHTML, like Gecko) Chrome/148.0.0.0 Safari/537.36" {"metadata":{"emulator":{"name":"hosting"},"message":"::1 - - [03/Jun/2026:06:19:22 +0000] \"GET /src/forms.js HTTP/1.1\" 200 789 \"http://localhost:5000/src/experiment.js\" \"Mozilla/5.0 (Windows NT 10.0; Win64; x64) AppleWebKit/537.36 (KHTML, like Gecko) Chrome/148.0.0.0 Safari/537.36\""}}
[info] i  hosting: ::1 - - [03/Jun/2026:06:19:22 +0000] "GET /src/logger.js HTTP/1.1" 200 - "http://localhost:5000/src/experiment.js" "Mozilla/5.0 (Windows NT 10.0; Win64; x64) AppleWebKit/537.36 (KHTML, like Gecko) Chrome/148.0.0.0 Safari/537.36" {"metadata":{"emulator":{"name":"hosting"},"message":"::1 - - [03/Jun/2026:06:19:22 +0000] \"GET /src/logger.js HTTP/1.1\" 200 - \"http://localhost:5000/src/experiment.js\" \"Mozilla/5.0 (Windows NT 10.0; Win64; x64) AppleWebKit/537.36 (KHTML, like Gecko) Chrome/148.0.0.0 Safari/537.36\""}}
[info] i  hosting: ::1 - - [03/Jun/2026:06:19:22 +0000] "GET /favicon.ico HTTP/1.1" 200 - "http://localhost:5000/" "Mozilla/5.0 (Windows NT 10.0; Win64; x64) AppleWebKit/537.36 (KHTML, like Gecko) Chrome/148.0.0.0 Safari/537.36" {"metadata":{"emulator":{"name":"hosting"},"message":"::1 - - [03/Jun/2026:06:19:22 +0000] \"GET /favicon.ico HTTP/1.1\" 200 - \"http://localhost:5000/\" \"Mozilla/5.0 (Windows NT 10.0; Win64; x64) AppleWebKit/537.36 (KHTML, like Gecko) Chrome/148.0.0.0 Safari/537.36\""}}
